// Vitest Snapshot v1

exports[`js test > Snapshot of comparison results 1`] = `
"
<!-- __NUXTJS_BUNDLE -->
# Bundle Size
| Route | Size (gzipped) |
| --- | --- |
| \`app\` | 86.06 kB (游릭 -3.94 kB) |
| \`pages/index\` | 3.01 kB (游댮 1 kB) |
| \`components/nuxt-logo\` | 1.01 kB (added) |
| \`pages/test\` | removed |"
`;

exports[`js test > comparison results test 1`] = `
"
<!-- __NUXTJS_BUNDLE -->
# Bundle Size
| Route | Size (gzipped) |
| --- | --- |
| \`app\` | 86.06 kB (游릭 -3.94 kB) |
| \`pages/index\` | 3.01 kB (游댮 1 kB) |
| \`components/nuxt-logo\` | 1.01 kB (added) |
| \`pages/test\` | removed |"
`;

exports[`ts test > Snapshot of comparison results 1`] = `
"
<!-- __NUXTJS_BUNDLE -->
# Bundle Size
| Route | Size (gzipped) |
| --- | --- |
| \`app\` | 86.06 kB (游릭 -3.94 kB) |
| \`pages/index\` | 3.01 kB (游댮 1 kB) |
| \`components/nuxt-logo\` | 1.01 kB (added) |
| \`pages/test\` | removed |"
`;

exports[`ts test > comparison results test 1`] = `
"
<!-- __NUXTJS_BUNDLE -->
# Bundle Size
| Route | Size (gzipped) |
| --- | --- |
| \`app\` | 86.06 kB (游릭 -3.94 kB) |
| \`pages/index\` | 3.01 kB (游댮 1 kB) |
| \`components/nuxt-logo\` | 1.01 kB (added) |
| \`pages/test\` | removed |"
`;
